

================================================================
== Vitis HLS Report for 'ProverCircuitEval_Block_entry_u_0_arg_proc'
================================================================
* Date:           Mon Nov 17 18:41:28 2025

* Version:        2025.1 (Build 6135595 on May 21 2025)
* Project:        hls_component
* Solution:       hls (Vivado IP Flow Target)
* Product family: virtexuplus
* Target device:  xcu250-figd2104-2L-e


================================================================
== Performance Estimates
================================================================
+ Timing: 
    * Summary: 
    +--------+---------+----------+------------+
    |  Clock |  Target | Estimated| Uncertainty|
    +--------+---------+----------+------------+
    |ap_clk  |  5.00 ns|  4.978 ns|        0 ns|
    +--------+---------+----------+------------+

+ Latency: 
    * Summary: 
    +---------+---------+----------+----------+--------+--------+---------+
    |  Latency (cycles) |  Latency (absolute) |     Interval    | Pipeline|
    |   min   |   max   |    min   |    max   |   min  |   max  |   Type  |
    +---------+---------+----------+----------+--------+--------+---------+
    |   581144|   581144|  2.906 ms|  2.906 ms|  581144|  581144|       no|
    +---------+---------+----------+----------+--------+--------+---------+

    + Detail: 
        * Instance: 
        N/A

        * Loop: 
        N/A

============================================================
+ Verbose Summary: Synthesis Manager
============================================================
InlineROM: 1
ExposeGlobal: 0
============================================================
+ Verbose Summary: CDFG Model
============================================================
IsTopModel: 0
ResetActiveHigh: 1
IsCombinational: 2
IsDatapathOnly: 0
HasWiredReturn: 1
HasMFsm: 0
HasVarLatency: 1
IsPipeline: 0
IsRtlPipelined: 0
IsInstanceOverlapped: 0
IsDontTouch: 0
HasImplIP: 0
IsGatedGlobalClock: 0


============================================================
+ Verbose Summary: Schedule
============================================================
* Number of FSM states : 4
* Pipeline : 0
* Dataflow Pipeline: 0

* FSM state transitions: 
1 --> 2 
2 --> 3 
3 --> 4 
4 --> 

* FSM state operations: 

State 1 <SV = 0> <Delay = 0.00>
ST_1 : Operation 5 [2/2] (0.00ns)   --->   "%call_ret = call i256 @compute_mask, i1 %u_0, i1 %u_1, i128 %V_0, i128 %V_1" [gatebygate.cpp:210]   --->   Operation 5 'call' 'call_ret' <Predicate = true> <Delay = 0.00> <CoreType = "Generic">   --->   Generic Core

State 2 <SV = 1> <Delay = 1.10>
ST_2 : Operation 6 [1/2] (1.10ns)   --->   "%call_ret = call i256 @compute_mask, i1 %u_0, i1 %u_1, i128 %V_0, i128 %V_1" [gatebygate.cpp:210]   --->   Operation 6 'call' 'call_ret' <Predicate = true> <Delay = 1.10> <CoreType = "Generic">   --->   Generic Core

State 3 <SV = 2> <Delay = 0.00>
ST_3 : Operation 7 [2/2] (0.00ns)   --->   "%call_ln211 = call void @EvalCircuit, i1 %u_0, i1 %u_1, i128 %V_0, i128 %V_1, i8 %witness, i128 %circuit, i8 %d_strm, i1 %d_strm_cp, i256 %a0_strm, i128 %a1_strm" [gatebygate.cpp:211]   --->   Operation 7 'call' 'call_ln211' <Predicate = true> <Delay = 0.00> <CoreType = "Generic">   --->   Generic Core

State 4 <SV = 3> <Delay = 0.00>
ST_4 : Operation 8 [1/1] (0.00ns)   --->   "%specmemcore_ln0 = specmemcore void @_ssdm_op_SpecMemCore, i1 %u_1, i64 666, i64 22, i64 18446744073709551615"   --->   Operation 8 'specmemcore' 'specmemcore_ln0' <Predicate = true> <Delay = 0.00>
ST_4 : Operation 9 [1/1] (0.00ns)   --->   "%specmemcore_ln0 = specmemcore void @_ssdm_op_SpecMemCore, i1 %u_0, i64 666, i64 22, i64 18446744073709551615"   --->   Operation 9 'specmemcore' 'specmemcore_ln0' <Predicate = true> <Delay = 0.00>
ST_4 : Operation 10 [1/1] (0.00ns)   --->   "%specmemcore_ln0 = specmemcore void @_ssdm_op_SpecMemCore, i128 %V_1, i64 666, i64 24, i64 18446744073709551615"   --->   Operation 10 'specmemcore' 'specmemcore_ln0' <Predicate = true> <Delay = 0.00>
ST_4 : Operation 11 [1/1] (0.00ns)   --->   "%specmemcore_ln0 = specmemcore void @_ssdm_op_SpecMemCore, i128 %V_0, i64 666, i64 24, i64 18446744073709551615"   --->   Operation 11 'specmemcore' 'specmemcore_ln0' <Predicate = true> <Delay = 0.00>
ST_4 : Operation 12 [1/1] (0.00ns)   --->   "%specinterface_ln0 = specinterface void @_ssdm_op_SpecInterface, i1 %d_strm_cp, void @empty_46, i32 0, i32 0, void @empty_34, i32 0, i32 0, void @empty_34, void @empty_34, void @empty_34, i32 0, i32 0, i32 0, i32 0, void @empty_34, void @empty_34, i32 4294967295, i32 0, i32 0"   --->   Operation 12 'specinterface' 'specinterface_ln0' <Predicate = true> <Delay = 0.00>
ST_4 : Operation 13 [1/1] (0.00ns)   --->   "%specinterface_ln0 = specinterface void @_ssdm_op_SpecInterface, i128 %a1_strm, void @empty_46, i32 0, i32 0, void @empty_34, i32 0, i32 0, void @empty_34, void @empty_34, void @empty_34, i32 0, i32 0, i32 0, i32 0, void @empty_34, void @empty_34, i32 4294967295, i32 0, i32 0"   --->   Operation 13 'specinterface' 'specinterface_ln0' <Predicate = true> <Delay = 0.00>
ST_4 : Operation 14 [1/1] (0.00ns)   --->   "%specinterface_ln0 = specinterface void @_ssdm_op_SpecInterface, i256 %a0_strm, void @empty_46, i32 0, i32 0, void @empty_34, i32 0, i32 0, void @empty_34, void @empty_34, void @empty_34, i32 0, i32 0, i32 0, i32 0, void @empty_34, void @empty_34, i32 4294967295, i32 0, i32 0"   --->   Operation 14 'specinterface' 'specinterface_ln0' <Predicate = true> <Delay = 0.00>
ST_4 : Operation 15 [1/1] (0.00ns)   --->   "%specinterface_ln0 = specinterface void @_ssdm_op_SpecInterface, i8 %witness, void @empty_26, i32 0, i32 0, void @empty_36, i32 0, i32 0, void @empty_34, void @empty_34, void @empty_34, i32 0, i32 0, i32 0, i32 0, void @empty_34, void @empty_34, i32 4294967295, i32 0, i32 0"   --->   Operation 15 'specinterface' 'specinterface_ln0' <Predicate = true> <Delay = 0.00>
ST_4 : Operation 16 [1/1] (0.00ns)   --->   "%specinterface_ln0 = specinterface void @_ssdm_op_SpecInterface, i128 %circuit, void @empty_26, i32 0, i32 0, void @empty_36, i32 0, i32 0, void @empty_34, void @empty_34, void @empty_34, i32 0, i32 0, i32 0, i32 0, void @empty_34, void @empty_34, i32 4294967295, i32 0, i32 0"   --->   Operation 16 'specinterface' 'specinterface_ln0' <Predicate = true> <Delay = 0.00>
ST_4 : Operation 17 [1/1] (0.00ns)   --->   "%specinterface_ln0 = specinterface void @_ssdm_op_SpecInterface, i8 %d_strm, void @empty_26, i32 0, i32 0, void @empty_36, i32 0, i32 0, void @empty_34, void @empty_34, void @empty_34, i32 0, i32 0, i32 0, i32 0, void @empty_34, void @empty_34, i32 4294967295, i32 0, i32 0"   --->   Operation 17 'specinterface' 'specinterface_ln0' <Predicate = true> <Delay = 0.00>
ST_4 : Operation 18 [1/2] (0.00ns)   --->   "%call_ln211 = call void @EvalCircuit, i1 %u_0, i1 %u_1, i128 %V_0, i128 %V_1, i8 %witness, i128 %circuit, i8 %d_strm, i1 %d_strm_cp, i256 %a0_strm, i128 %a1_strm" [gatebygate.cpp:211]   --->   Operation 18 'call' 'call_ln211' <Predicate = true> <Delay = 0.00> <CoreType = "Generic">   --->   Generic Core
ST_4 : Operation 19 [1/1] (0.00ns)   --->   "%ret_ln210 = ret i256 %call_ret" [gatebygate.cpp:210]   --->   Operation 19 'ret' 'ret_ln210' <Predicate = true> <Delay = 0.00>


============================================================
+ Verbose Summary: Timing violations
============================================================
Target clock period: 5.000ns, clock uncertainty: 0.000ns.

 <State 1>: 0.000ns
The critical path consists of the following:

 <State 2>: 1.102ns
The critical path consists of the following:
	'call' operation 256 bit ('call_ret', gatebygate.cpp:210) to 'compute_mask' [21]  (1.102 ns)

 <State 3>: 0.000ns
The critical path consists of the following:

 <State 4>: 0.000ns
The critical path consists of the following:


============================================================
+ Verbose Summary: Binding
============================================================
N/A
* FSMD analyzer results:
  - Output states:
 - Input state : 
  - Chain level:
	State 1
	State 2
	State 3
	State 4


============================================================
+ Verbose Summary: Datapath Resource usage 
============================================================
N/A
