

================================================================
== Vitis HLS Report for 'encrypt'
================================================================
* Date:           Mon Nov 17 18:41:30 2025

* Version:        2025.1 (Build 6135595 on May 21 2025)
* Project:        hls_component
* Solution:       hls (Vivado IP Flow Target)
* Product family: virtexuplus
* Target device:  xcu250-figd2104-2L-e


================================================================
== Performance Estimates
================================================================
+ Timing: 
    * Summary: 
    +--------+---------+----------+------------+
    |  Clock |  Target | Estimated| Uncertainty|
    +--------+---------+----------+------------+
    |ap_clk  |  5.00 ns|  3.290 ns|        0 ns|
    +--------+---------+----------+------------+

+ Latency: 
    * Summary: 
    +---------+---------+----------+----------+-----+-----+---------+
    |  Latency (cycles) |  Latency (absolute) |  Interval | Pipeline|
    |   min   |   max   |    min   |    max   | min | max |   Type  |
    +---------+---------+----------+----------+-----+-----+---------+
    |       22|       22|  0.110 us|  0.110 us|    1|    1|      yes|
    +---------+---------+----------+----------+-----+-----+---------+

    + Detail: 
        * Instance: 
        +---------------------+-----------+---------+---------+-----------+-----------+-----+-----+---------+
        |                     |           |  Latency (cycles) |   Latency (absolute)  |  Interval | Pipeline|
        |       Instance      |   Module  |   min   |   max   |    min    |    max    | min | max |   Type  |
        +---------------------+-----------+---------+---------+-----------+-----------+-----+-----+---------+
        |grp_updateKey_fu_34  |updateKey  |       10|       10|  50.000 ns|  50.000 ns|    1|    1|      yes|
        |grp_process_r_fu_42  |process_r  |       10|       10|  50.000 ns|  50.000 ns|    1|    1|      yes|
        +---------------------+-----------+---------+---------+-----------+-----------+-----+-----+---------+

        * Loop: 
        N/A



================================================================
== Utilization Estimates
================================================================
* Summary: 
+---------------------+---------+-------+---------+---------+------+
|         Name        | BRAM_18K|  DSP  |    FF   |   LUT   | URAM |
+---------------------+---------+-------+---------+---------+------+
|DSP                  |        -|      -|        -|        -|     -|
|Expression           |        -|      -|        -|        -|     -|
|FIFO                 |        -|      -|        -|        -|     -|
|Instance             |      100|      -|     7970|    10320|     -|
|Memory               |        -|      -|        -|        -|     -|
|Multiplexer          |        -|      -|        -|        -|     -|
|Register             |        -|      -|      448|       32|     -|
+---------------------+---------+-------+---------+---------+------+
|Total                |      100|      0|     8418|    10352|     0|
+---------------------+---------+-------+---------+---------+------+
|Available SLR        |     1344|   3072|   864000|   432000|   320|
+---------------------+---------+-------+---------+---------+------+
|Utilization SLR (%)  |        7|      0|       ~0|        2|     0|
+---------------------+---------+-------+---------+---------+------+
|Available            |     5376|  12288|  3456000|  1728000|  1280|
+---------------------+---------+-------+---------+---------+------+
|Utilization (%)      |        1|      0|       ~0|       ~0|     0|
+---------------------+---------+-------+---------+---------+------+

+ Detail: 
    * Instance: 
    +---------------------+-----------+---------+----+------+------+-----+
    |       Instance      |   Module  | BRAM_18K| DSP|  FF  |  LUT | URAM|
    +---------------------+-----------+---------+----+------+------+-----+
    |grp_process_r_fu_42  |process_r  |       80|   0|  3585|  8086|    0|
    |grp_updateKey_fu_34  |updateKey  |       20|   0|  4385|  2234|    0|
    +---------------------+-----------+---------+----+------+------+-----+
    |Total                |           |      100|   0|  7970| 10320|    0|
    +---------------------+-----------+---------+----+------+------+-----+

    * DSP: 
    N/A

    * Memory: 
    N/A

    * FIFO: 
    N/A

    * Expression: 
    N/A

    * Multiplexer: 
    N/A

    * Register: 
    +-----------------+-----+----+-----+-----------+
    |       Name      |  FF | LUT| Bits| Const Bits|
    +-----------------+-----+----+-----+-----------+
    |in_r_int_reg     |  128|   0|  128|          0|
    |in_read_reg_120  |  128|   0|  128|          0|
    |key_int_reg      |  128|   0|  128|          0|
    |in_read_reg_120  |   64|  32|  128|          0|
    +-----------------+-----+----+-----+-----------+
    |Total            |  448|  32|  512|          0|
    +-----------------+-----+----+-----+-----------+



================================================================
== Interface
================================================================
* Summary: 
+-----------+-----+-----+------------+--------------+--------------+
| RTL Ports | Dir | Bits|  Protocol  | Source Object|    C Type    |
+-----------+-----+-----+------------+--------------+--------------+
|ap_clk     |   in|    1|  ap_ctrl_hs|       encrypt|  return value|
|ap_rst     |   in|    1|  ap_ctrl_hs|       encrypt|  return value|
|ap_return  |  out|  128|  ap_ctrl_hs|       encrypt|  return value|
|ap_ce      |   in|    1|  ap_ctrl_hs|       encrypt|  return value|
|in_r       |   in|  128|     ap_none|          in_r|        scalar|
|key        |   in|  128|     ap_none|           key|        scalar|
+-----------+-----+-----+------------+--------------+--------------+

