

================================================================
== Vitis HLS Report for 'gf128_multiply'
================================================================
* Date:           Mon Nov 17 18:42:24 2025

* Version:        2025.1 (Build 6135595 on May 21 2025)
* Project:        hls_component
* Solution:       hls (Vivado IP Flow Target)
* Product family: virtexuplus
* Target device:  xcu250-figd2104-2L-e


================================================================
== Performance Estimates
================================================================
+ Timing: 
    * Summary: 
    +--------+---------+----------+------------+
    |  Clock |  Target | Estimated| Uncertainty|
    +--------+---------+----------+------------+
    |ap_clk  |  5.00 ns|  4.978 ns|        0 ns|
    +--------+---------+----------+------------+

+ Latency: 
    * Summary: 
    +---------+---------+-----------+-----------+-----+-----+---------+
    |  Latency (cycles) |   Latency (absolute)  |  Interval | Pipeline|
    |   min   |   max   |    min    |    max    | min | max |   Type  |
    +---------+---------+-----------+-----------+-----+-----+---------+
    |        7|        7|  35.000 ns|  35.000 ns|    1|    1|      yes|
    +---------+---------+-----------+-----------+-----+-----+---------+

    + Detail: 
        * Instance: 
        +-----------------------+-------------+---------+---------+-----------+-----------+-----+-----+---------+
        |                       |             |  Latency (cycles) |   Latency (absolute)  |  Interval | Pipeline|
        |        Instance       |    Module   |   min   |   max   |    min    |    max    | min | max |   Type  |
        +-----------------------+-------------+---------+---------+-----------+-----------+-----+-----+---------+
        |grp_gf128_clmul_fu_56  |gf128_clmul  |        5|        5|  25.000 ns|  25.000 ns|    1|    1|      yes|
        +-----------------------+-------------+---------+---------+-----------+-----------+-----+-----+---------+

        * Loop: 
        N/A



================================================================
== Utilization Estimates
================================================================
* Summary: 
+---------------------+---------+-------+---------+---------+------+
|         Name        | BRAM_18K|  DSP  |    FF   |   LUT   | URAM |
+---------------------+---------+-------+---------+---------+------+
|DSP                  |        -|      -|        -|        -|     -|
|Expression           |        -|      -|        0|      790|     -|
|FIFO                 |        -|      -|        -|        -|     -|
|Instance             |        -|      -|     8322|    60601|     -|
|Memory               |        -|      -|        -|        -|     -|
|Multiplexer          |        -|      -|        0|       14|     -|
|Register             |        -|      -|      767|        -|     -|
+---------------------+---------+-------+---------+---------+------+
|Total                |        0|      0|     9089|    61405|     0|
+---------------------+---------+-------+---------+---------+------+
|Available SLR        |     1344|   3072|   864000|   432000|   320|
+---------------------+---------+-------+---------+---------+------+
|Utilization SLR (%)  |        0|      0|        1|       14|     0|
+---------------------+---------+-------+---------+---------+------+
|Available            |     5376|  12288|  3456000|  1728000|  1280|
+---------------------+---------+-------+---------+---------+------+
|Utilization (%)      |        0|      0|       ~0|        3|     0|
+---------------------+---------+-------+---------+---------+------+

+ Detail: 
    * Instance: 
    +-----------------------+-------------+---------+----+------+-------+-----+
    |        Instance       |    Module   | BRAM_18K| DSP|  FF  |  LUT  | URAM|
    +-----------------------+-------------+---------+----+------+-------+-----+
    |grp_gf128_clmul_fu_56  |gf128_clmul  |        0|   0|  8322|  60601|    0|
    +-----------------------+-------------+---------+----+------+-------+-----+
    |Total                  |             |        0|   0|  8322|  60601|    0|
    +-----------------------+-------------+---------+----+------+-------+-----+

    * DSP: 
    N/A

    * Memory: 
    N/A

    * FIFO: 
    N/A

    * Expression: 
    +----------------------+----------+----+---+-----+------------+------------+
    |     Variable Name    | Operation| DSP| FF| LUT | Bitwidth P0| Bitwidth P1|
    +----------------------+----------+----+---+-----+------------+------------+
    |temp_fu_121_p2        |       xor|   0|  0|  134|         134|         134|
    |xor_ln29_1_fu_111_p2  |       xor|   0|  0|  129|         129|         129|
    |xor_ln29_fu_101_p2    |       xor|   0|  0|  128|         128|         128|
    |xor_ln40_1_fu_179_p2  |       xor|   0|  0|  128|         128|         128|
    |xor_ln40_2_fu_185_p2  |       xor|   0|  0|    7|           7|           7|
    |xor_ln40_3_fu_195_p2  |       xor|   0|  0|    8|           8|           8|
    |xor_ln40_4_fu_205_p2  |       xor|   0|  0|  128|         128|         128|
    |xor_ln40_fu_173_p2    |       xor|   0|  0|  128|         128|         128|
    +----------------------+----------+----+---+-----+------------+------------+
    |Total                 |          |   0|  0|  790|         790|         790|
    +----------------------+----------+----+---+-----+------------+------------+

    * Multiplexer: 
    +-----------+----+-----------+-----+-----------+
    |    Name   | LUT| Input Size| Bits| Total Bits|
    +-----------+----+-----------+-----+-----------+
    |ap_return  |  14|          3|  128|        384|
    +-----------+----+-----------+-----+-----------+
    |Total      |  14|          3|  128|        384|
    +-----------+----+-----------+-----+-----------+

    * Register: 
    +-------------------+-----+----+-----+-----------+
    |        Name       |  FF | LUT| Bits| Const Bits|
    +-------------------+-----+----+-----+-----------+
    |a_int_reg          |  128|   0|  128|          0|
    |ap_ce_reg          |    1|   0|    1|          0|
    |ap_return_int_reg  |  128|   0|  128|          0|
    |b_val_int_reg      |  128|   0|  128|          0|
    |high_reg_226       |  127|   0|  127|          0|
    |product_reg_221    |  255|   0|  255|          0|
    +-------------------+-----+----+-----+-----------+
    |Total              |  767|   0|  767|          0|
    +-------------------+-----+----+-----+-----------+



================================================================
== Interface
================================================================
* Summary: 
+-----------+-----+-----+------------+----------------+--------------+
| RTL Ports | Dir | Bits|  Protocol  |  Source Object |    C Type    |
+-----------+-----+-----+------------+----------------+--------------+
|ap_clk     |   in|    1|  ap_ctrl_hs|  gf128_multiply|  return value|
|ap_rst     |   in|    1|  ap_ctrl_hs|  gf128_multiply|  return value|
|ap_return  |  out|  128|  ap_ctrl_hs|  gf128_multiply|  return value|
|ap_ce      |   in|    1|  ap_ctrl_hs|  gf128_multiply|  return value|
|a          |   in|  128|     ap_none|               a|        scalar|
|b_val      |   in|  128|     ap_none|           b_val|        scalar|
+-----------+-----+-----+------------+----------------+--------------+

