

================================================================
== Vitis HLS Report for 'shakeXOF_32u_s'
================================================================
* Date:           Mon Nov 17 18:41:32 2025

* Version:        2025.1 (Build 6135595 on May 21 2025)
* Project:        hls_component
* Solution:       hls (Vivado IP Flow Target)
* Product family: virtexuplus
* Target device:  xcu250-figd2104-2L-e


================================================================
== Performance Estimates
================================================================
+ Timing: 
    * Summary: 
    +--------+---------+----------+------------+
    |  Clock |  Target | Estimated| Uncertainty|
    +--------+---------+----------+------------+
    |ap_clk  |  5.00 ns|  4.913 ns|        0 ns|
    +--------+---------+----------+------------+

+ Latency: 
    * Summary: 
    +---------+---------+----------+----------+-----+-----+---------+
    |  Latency (cycles) |  Latency (absolute) |  Interval | Pipeline|
    |   min   |   max   |    min   |    max   | min | max |   Type  |
    +---------+---------+----------+----------+-----+-----+---------+
    |        1|      158|  5.000 ns|  0.790 us|    1|  158|       no|
    +---------+---------+----------+----------+-----+-----+---------+

    + Detail: 
        * Instance: 
        +----------------------+----------+---------+---------+-----------+-----------+-----+-----+---------+
        |                      |          |  Latency (cycles) |   Latency (absolute)  |  Interval | Pipeline|
        |       Instance       |  Module  |   min   |   max   |    min    |    max    | min | max |   Type  |
        +----------------------+----------+---------+---------+-----------+-----------+-----+-----+---------+
        |grp_KECCAK_f_fu_1233  |KECCAK_f  |        5|        5|  25.000 ns|  25.000 ns|    1|    1|      yes|
        +----------------------+----------+---------+---------+-----------+-----------+-----+-----+---------+

        * Loop: 
        +---------------------------+---------+---------+----------+-----------+-----------+------+----------+
        |                           |  Latency (cycles) | Iteration|  Initiation Interval  | Trip |          |
        |         Loop Name         |   min   |   max   |  Latency |  achieved |   target  | Count| Pipelined|
        +---------------------------+---------+---------+----------+-----------+-----------+------+----------+
        |- LOOP_SHAKE_MAIN          |      156|      156|       157|          -|          -|     1|        no|
        | + LOOP_SHAKE_DIGEST_NBLK  |       24|       24|        24|          -|          -|     1|        no|
        +---------------------------+---------+---------+----------+-----------+-----------+------+----------+



================================================================
== Utilization Estimates
================================================================
* Summary: 
+---------------------+---------+-------+---------+---------+------+
|         Name        | BRAM_18K|  DSP  |    FF   |   LUT   | URAM |
+---------------------+---------+-------+---------+---------+------+
|DSP                  |        -|      -|        -|        -|     -|
|Expression           |        -|      -|        0|    15921|     -|
|FIFO                 |        -|      -|        -|        -|     -|
|Instance             |        -|      -|    19852|   200431|     -|
|Memory               |        -|      -|        -|        -|     -|
|Multiplexer          |        -|      -|        0|     2354|     -|
|Register             |        -|      -|     5918|        -|     -|
+---------------------+---------+-------+---------+---------+------+
|Total                |        0|      0|    25770|   218706|     0|
+---------------------+---------+-------+---------+---------+------+
|Available SLR        |     1344|   3072|   864000|   432000|   320|
+---------------------+---------+-------+---------+---------+------+
|Utilization SLR (%)  |        0|      0|        2|       50|     0|
+---------------------+---------+-------+---------+---------+------+
|Available            |     5376|  12288|  3456000|  1728000|  1280|
+---------------------+---------+-------+---------+---------+------+
|Utilization (%)      |        0|      0|       ~0|       12|     0|
+---------------------+---------+-------+---------+---------+------+

+ Detail: 
    * Instance: 
    +------------------------------+--------------------------+---------+----+-------+--------+-----+
    |           Instance           |          Module          | BRAM_18K| DSP|   FF  |   LUT  | URAM|
    +------------------------------+--------------------------+---------+----+-------+--------+-----+
    |grp_KECCAK_f_fu_1233          |KECCAK_f                  |        0|   0|  11201|  193824|    0|
    |udiv_128ns_9ns_128_132_1_U55  |udiv_128ns_9ns_128_132_1  |        0|   0|   8651|    6607|    0|
    +------------------------------+--------------------------+---------+----+-------+--------+-----+
    |Total                         |                          |        0|   0|  19852|  200431|    0|
    +------------------------------+--------------------------+---------+----+-------+--------+-----+

    * DSP: 
    N/A

    * Memory: 
    N/A

    * FIFO: 
    N/A

    * Expression: 
    +-----------------------------------+----------+----+---+-----+------------+------------+
    |           Variable Name           | Operation| DSP| FF| LUT | Bitwidth P0| Bitwidth P1|
    +-----------------------------------+----------+----+---+-----+------------+------------+
    |add_ln447_fu_1313_p2               |         +|   0|  0|  128|         121|           1|
    |left_5_fu_5031_p2                  |         +|   0|  0|  135|         128|           9|
    |n_2_fu_1324_p2                     |         +|   0|  0|  128|         121|           1|
    |ap_block_state150                  |       and|   0|  0|    2|           1|           1|
    |ap_condition_1275                  |       and|   0|  0|    2|           1|           1|
    |ap_condition_1280                  |       and|   0|  0|    2|           1|           1|
    |ap_condition_1287                  |       and|   0|  0|    2|           1|           1|
    |ap_condition_1294                  |       and|   0|  0|    2|           1|           1|
    |ap_condition_1301                  |       and|   0|  0|    2|           1|           1|
    |ap_condition_1308                  |       and|   0|  0|    2|           1|           1|
    |ap_condition_1315                  |       and|   0|  0|    2|           1|           1|
    |ap_condition_1320                  |       and|   0|  0|    2|           1|           1|
    |ap_condition_1338                  |       and|   0|  0|    2|           1|           1|
    |ap_condition_1341                  |       and|   0|  0|    2|           1|           1|
    |ap_condition_1344                  |       and|   0|  0|    2|           1|           1|
    |ap_condition_1347                  |       and|   0|  0|    2|           1|           1|
    |ap_condition_1350                  |       and|   0|  0|    2|           1|           1|
    |ap_condition_1353                  |       and|   0|  0|    2|           1|           1|
    |ap_condition_1356                  |       and|   0|  0|    2|           1|           1|
    |ap_condition_1359                  |       and|   0|  0|    2|           1|           1|
    |ap_condition_1377                  |       and|   0|  0|    2|           1|           1|
    |ap_condition_1380                  |       and|   0|  0|    2|           1|           1|
    |ap_condition_1383                  |       and|   0|  0|    2|           1|           1|
    |ap_condition_1386                  |       and|   0|  0|    2|           1|           1|
    |ap_condition_1389                  |       and|   0|  0|    2|           1|           1|
    |ap_condition_1392                  |       and|   0|  0|    2|           1|           1|
    |ap_condition_1395                  |       and|   0|  0|    2|           1|           1|
    |ap_condition_1398                  |       and|   0|  0|    2|           1|           1|
    |ap_condition_1416                  |       and|   0|  0|    2|           1|           1|
    |ap_condition_1419                  |       and|   0|  0|    2|           1|           1|
    |ap_condition_1422                  |       and|   0|  0|    2|           1|           1|
    |ap_condition_1425                  |       and|   0|  0|    2|           1|           1|
    |ap_condition_1428                  |       and|   0|  0|    2|           1|           1|
    |ap_condition_1431                  |       and|   0|  0|    2|           1|           1|
    |ap_condition_1434                  |       and|   0|  0|    2|           1|           1|
    |ap_condition_1437                  |       and|   0|  0|    2|           1|           1|
    |ap_condition_1455                  |       and|   0|  0|    2|           1|           1|
    |ap_condition_1458                  |       and|   0|  0|    2|           1|           1|
    |ap_condition_1461                  |       and|   0|  0|    2|           1|           1|
    |ap_condition_1464                  |       and|   0|  0|    2|           1|           1|
    |ap_condition_1467                  |       and|   0|  0|    2|           1|           1|
    |ap_condition_1470                  |       and|   0|  0|    2|           1|           1|
    |ap_condition_1473                  |       and|   0|  0|    2|           1|           1|
    |ap_condition_1476                  |       and|   0|  0|    2|           1|           1|
    |ap_condition_1494                  |       and|   0|  0|    2|           1|           1|
    |ap_condition_1497                  |       and|   0|  0|    2|           1|           1|
    |ap_condition_1500                  |       and|   0|  0|    2|           1|           1|
    |ap_condition_1503                  |       and|   0|  0|    2|           1|           1|
    |ap_condition_1506                  |       and|   0|  0|    2|           1|           1|
    |ap_condition_1509                  |       and|   0|  0|    2|           1|           1|
    |ap_condition_1512                  |       and|   0|  0|    2|           1|           1|
    |ap_condition_1515                  |       and|   0|  0|    2|           1|           1|
    |ap_condition_1533                  |       and|   0|  0|    2|           1|           1|
    |ap_condition_1536                  |       and|   0|  0|    2|           1|           1|
    |ap_condition_1539                  |       and|   0|  0|    2|           1|           1|
    |ap_condition_1542                  |       and|   0|  0|    2|           1|           1|
    |ap_condition_1545                  |       and|   0|  0|    2|           1|           1|
    |ap_condition_1548                  |       and|   0|  0|    2|           1|           1|
    |ap_condition_1551                  |       and|   0|  0|    2|           1|           1|
    |ap_condition_1554                  |       and|   0|  0|    2|           1|           1|
    |ap_condition_1572                  |       and|   0|  0|    2|           1|           1|
    |ap_condition_1575                  |       and|   0|  0|    2|           1|           1|
    |ap_condition_1578                  |       and|   0|  0|    2|           1|           1|
    |ap_condition_1581                  |       and|   0|  0|    2|           1|           1|
    |ap_condition_1584                  |       and|   0|  0|    2|           1|           1|
    |ap_condition_1587                  |       and|   0|  0|    2|           1|           1|
    |ap_condition_1590                  |       and|   0|  0|    2|           1|           1|
    |ap_condition_1593                  |       and|   0|  0|    2|           1|           1|
    |ap_condition_1611                  |       and|   0|  0|    2|           1|           1|
    |ap_condition_1614                  |       and|   0|  0|    2|           1|           1|
    |ap_condition_1617                  |       and|   0|  0|    2|           1|           1|
    |ap_condition_1620                  |       and|   0|  0|    2|           1|           1|
    |ap_condition_1623                  |       and|   0|  0|    2|           1|           1|
    |ap_condition_1626                  |       and|   0|  0|    2|           1|           1|
    |ap_condition_1629                  |       and|   0|  0|    2|           1|           1|
    |ap_condition_1632                  |       and|   0|  0|    2|           1|           1|
    |ap_condition_1650                  |       and|   0|  0|    2|           1|           1|
    |ap_condition_1653                  |       and|   0|  0|    2|           1|           1|
    |ap_condition_1656                  |       and|   0|  0|    2|           1|           1|
    |ap_condition_1659                  |       and|   0|  0|    2|           1|           1|
    |ap_condition_1662                  |       and|   0|  0|    2|           1|           1|
    |ap_condition_1665                  |       and|   0|  0|    2|           1|           1|
    |ap_condition_1668                  |       and|   0|  0|    2|           1|           1|
    |ap_condition_1671                  |       and|   0|  0|    2|           1|           1|
    |ap_condition_1689                  |       and|   0|  0|    2|           1|           1|
    |ap_condition_1692                  |       and|   0|  0|    2|           1|           1|
    |ap_condition_1695                  |       and|   0|  0|    2|           1|           1|
    |ap_condition_1698                  |       and|   0|  0|    2|           1|           1|
    |ap_condition_1701                  |       and|   0|  0|    2|           1|           1|
    |ap_condition_1704                  |       and|   0|  0|    2|           1|           1|
    |ap_condition_1707                  |       and|   0|  0|    2|           1|           1|
    |ap_condition_1710                  |       and|   0|  0|    2|           1|           1|
    |ap_condition_1728                  |       and|   0|  0|    2|           1|           1|
    |ap_condition_1731                  |       and|   0|  0|    2|           1|           1|
    |ap_condition_1734                  |       and|   0|  0|    2|           1|           1|
    |ap_condition_1737                  |       and|   0|  0|    2|           1|           1|
    |ap_condition_1740                  |       and|   0|  0|    2|           1|           1|
    |ap_condition_1743                  |       and|   0|  0|    2|           1|           1|
    |ap_condition_1746                  |       and|   0|  0|    2|           1|           1|
    |ap_condition_1749                  |       and|   0|  0|    2|           1|           1|
    |ap_condition_1767                  |       and|   0|  0|    2|           1|           1|
    |ap_condition_1770                  |       and|   0|  0|    2|           1|           1|
    |ap_condition_1773                  |       and|   0|  0|    2|           1|           1|
    |ap_condition_1776                  |       and|   0|  0|    2|           1|           1|
    |ap_condition_1779                  |       and|   0|  0|    2|           1|           1|
    |ap_condition_1782                  |       and|   0|  0|    2|           1|           1|
    |ap_condition_1785                  |       and|   0|  0|    2|           1|           1|
    |ap_condition_1788                  |       and|   0|  0|    2|           1|           1|
    |ap_condition_1806                  |       and|   0|  0|    2|           1|           1|
    |ap_condition_1809                  |       and|   0|  0|    2|           1|           1|
    |ap_condition_1812                  |       and|   0|  0|    2|           1|           1|
    |ap_condition_1815                  |       and|   0|  0|    2|           1|           1|
    |ap_condition_1818                  |       and|   0|  0|    2|           1|           1|
    |ap_condition_1821                  |       and|   0|  0|    2|           1|           1|
    |ap_condition_1824                  |       and|   0|  0|    2|           1|           1|
    |ap_condition_1827                  |       and|   0|  0|    2|           1|           1|
    |ap_condition_4981                  |       and|   0|  0|    2|           1|           1|
    |ap_condition_588                   |       and|   0|  0|    2|           1|           1|
    |ap_condition_6056                  |       and|   0|  0|    2|           1|           1|
    |ap_condition_6061                  |       and|   0|  0|    2|           1|           1|
    |ap_condition_6067                  |       and|   0|  0|    2|           1|           1|
    |ap_condition_6074                  |       and|   0|  0|    2|           1|           1|
    |ap_condition_6081                  |       and|   0|  0|    2|           1|           1|
    |ap_condition_6369                  |       and|   0|  0|    2|           1|           1|
    |ap_condition_6374                  |       and|   0|  0|    2|           1|           1|
    |ap_condition_6380                  |       and|   0|  0|    2|           1|           1|
    |ap_condition_6387                  |       and|   0|  0|    2|           1|           1|
    |ap_condition_6395                  |       and|   0|  0|    2|           1|           1|
    |ap_condition_6404                  |       and|   0|  0|    2|           1|           1|
    |ap_condition_6413                  |       and|   0|  0|    2|           1|           1|
    |ap_predicate_op1041_read_state145  |       and|   0|  0|    2|           1|           1|
    |ap_predicate_op1101_read_state146  |       and|   0|  0|    2|           1|           1|
    |ap_predicate_op1161_read_state147  |       and|   0|  0|    2|           1|           1|
    |ap_predicate_op1221_read_state148  |       and|   0|  0|    2|           1|           1|
    |ap_predicate_op1287_read_state149  |       and|   0|  0|    2|           1|           1|
    |ap_predicate_op1338_read_state150  |       and|   0|  0|    2|           1|           1|
    |ap_predicate_op369_read_state134   |       and|   0|  0|    2|           1|           1|
    |ap_predicate_op373_read_state134   |       and|   0|  0|    2|           1|           1|
    |ap_predicate_op424_read_state134   |       and|   0|  0|    2|           1|           1|
    |ap_predicate_op442_read_state135   |       and|   0|  0|    2|           1|           1|
    |ap_predicate_op499_read_state136   |       and|   0|  0|    2|           1|           1|
    |ap_predicate_op563_read_state137   |       and|   0|  0|    2|           1|           1|
    |ap_predicate_op620_read_state138   |       and|   0|  0|    2|           1|           1|
    |ap_predicate_op680_read_state139   |       and|   0|  0|    2|           1|           1|
    |ap_predicate_op740_read_state140   |       and|   0|  0|    2|           1|           1|
    |ap_predicate_op804_read_state141   |       and|   0|  0|    2|           1|           1|
    |ap_predicate_op861_read_state142   |       and|   0|  0|    2|           1|           1|
    |ap_predicate_op921_read_state143   |       and|   0|  0|    2|           1|           1|
    |ap_predicate_op981_read_state144   |       and|   0|  0|    2|           1|           1|
    |cmp_i_i199_fu_1386_p2              |      icmp|   0|  0|   10|           3|           3|
    |cmp_i_i230_fu_1380_p2              |      icmp|   0|  0|   10|           3|           3|
    |cmp_i_i261_fu_1374_p2              |      icmp|   0|  0|   12|           3|           4|
    |cmp_i_i292_fu_1368_p2              |      icmp|   0|  0|   10|           3|           2|
    |cmp_i_i323_fu_1362_p2              |      icmp|   0|  0|   10|           3|           2|
    |cmp_i_i354_fu_1356_p2              |      icmp|   0|  0|   10|           3|           1|
    |cmp_i_i369_fu_1350_p2              |      icmp|   0|  0|   10|           3|           1|
    |icmp_ln447_fu_1319_p2              |      icmp|   0|  0|  128|         121|         121|
    |icmp_ln450_fu_1340_p2              |      icmp|   0|  0|  135|         128|           8|
    |icmp_ln468_10_fu_3474_p2           |      icmp|   0|  0|  135|         128|           7|
    |icmp_ln468_11_fu_3679_p2           |      icmp|   0|  0|  135|         128|           7|
    |icmp_ln468_12_fu_3884_p2           |      icmp|   0|  0|  135|         128|           7|
    |icmp_ln468_13_fu_4089_p2           |      icmp|   0|  0|  135|         128|           7|
    |icmp_ln468_14_fu_4294_p2           |      icmp|   0|  0|  135|         128|           7|
    |icmp_ln468_15_fu_4509_p2           |      icmp|   0|  0|  128|         121|           1|
    |icmp_ln468_1_fu_1609_p2            |      icmp|   0|  0|  131|         124|           1|
    |icmp_ln468_2_fu_1814_p2            |      icmp|   0|  0|  135|         128|           5|
    |icmp_ln468_3_fu_2029_p2            |      icmp|   0|  0|  130|         123|           1|
    |icmp_ln468_4_fu_2234_p2            |      icmp|   0|  0|  135|         128|           6|
    |icmp_ln468_5_fu_2439_p2            |      icmp|   0|  0|  135|         128|           6|
    |icmp_ln468_6_fu_2644_p2            |      icmp|   0|  0|  135|         128|           6|
    |icmp_ln468_7_fu_2859_p2            |      icmp|   0|  0|  129|         122|           1|
    |icmp_ln468_8_fu_3064_p2            |      icmp|   0|  0|  135|         128|           7|
    |icmp_ln468_9_fu_3269_p2            |      icmp|   0|  0|  135|         128|           7|
    |icmp_ln468_fu_1392_p2              |      icmp|   0|  0|  132|         125|           1|
    |icmp_ln472_10_fu_3685_p2           |      icmp|   0|  0|  132|         125|           4|
    |icmp_ln472_11_fu_3890_p2           |      icmp|   0|  0|  132|         125|           4|
    |icmp_ln472_12_fu_4095_p2           |      icmp|   0|  0|  132|         125|           4|
    |icmp_ln472_13_fu_4300_p2           |      icmp|   0|  0|  132|         125|           4|
    |icmp_ln472_14_fu_4527_p2           |      icmp|   0|  0|  132|         125|           4|
    |icmp_ln472_1_fu_1820_p2            |      icmp|   0|  0|  132|         125|           2|
    |icmp_ln472_2_fu_2041_p2            |      icmp|   0|  0|  132|         125|           2|
    |icmp_ln472_3_fu_2240_p2            |      icmp|   0|  0|  132|         125|           3|
    |icmp_ln472_4_fu_2445_p2            |      icmp|   0|  0|  132|         125|           3|
    |icmp_ln472_5_fu_2650_p2            |      icmp|   0|  0|  132|         125|           3|
    |icmp_ln472_6_fu_2871_p2            |      icmp|   0|  0|  132|         125|           3|
    |icmp_ln472_7_fu_3070_p2            |      icmp|   0|  0|  132|         125|           4|
    |icmp_ln472_8_fu_3275_p2            |      icmp|   0|  0|  132|         125|           4|
    |icmp_ln472_9_fu_3480_p2            |      icmp|   0|  0|  132|         125|           4|
    |icmp_ln472_fu_1621_p2              |      icmp|   0|  0|  132|         125|           1|
    |ap_block_state1                    |        or|   0|  0|    2|           1|           1|
    |ap_block_state134                  |        or|   0|  0|    2|           1|           1|
    |ap_block_state135                  |        or|   0|  0|    2|           1|           1|
    |ap_block_state136                  |        or|   0|  0|    2|           1|           1|
    |ap_block_state137                  |        or|   0|  0|    2|           1|           1|
    |ap_block_state138                  |        or|   0|  0|    2|           1|           1|
    |ap_block_state139                  |        or|   0|  0|    2|           1|           1|
    |ap_block_state140                  |        or|   0|  0|    2|           1|           1|
    |ap_block_state141                  |        or|   0|  0|    2|           1|           1|
    |ap_block_state142                  |        or|   0|  0|    2|           1|           1|
    |ap_block_state143                  |        or|   0|  0|    2|           1|           1|
    |ap_block_state144                  |        or|   0|  0|    2|           1|           1|
    |ap_block_state145                  |        or|   0|  0|    2|           1|           1|
    |ap_block_state146                  |        or|   0|  0|    2|           1|           1|
    |ap_block_state147                  |        or|   0|  0|    2|           1|           1|
    |ap_block_state148                  |        or|   0|  0|    2|           1|           1|
    |ap_block_state149                  |        or|   0|  0|    2|           1|           1|
    |grp_fu_1287_p2                     |       xor|   0|  0|   64|          64|          64|
    |stateArray_144_fu_4935_p2          |       xor|   0|  0|   64|          64|          64|
    |stateArray_145_fu_4941_p2          |       xor|   0|  0|   64|          64|          64|
    |stateArray_146_fu_4947_p2          |       xor|   0|  0|   64|          64|          64|
    |stateArray_147_fu_4953_p2          |       xor|   0|  0|   64|          64|          64|
    |stateArray_148_fu_4959_p2          |       xor|   0|  0|   64|          64|          64|
    |stateArray_149_fu_4965_p2          |       xor|   0|  0|   64|          64|          64|
    |stateArray_150_fu_4971_p2          |       xor|   0|  0|   64|          64|          64|
    |stateArray_151_fu_4977_p2          |       xor|   0|  0|   64|          64|          64|
    |stateArray_152_fu_4983_p2          |       xor|   0|  0|   64|          64|          64|
    |stateArray_153_fu_4989_p2          |       xor|   0|  0|   64|          64|          64|
    |stateArray_154_fu_4995_p2          |       xor|   0|  0|   64|          64|          64|
    |stateArray_155_fu_5001_p2          |       xor|   0|  0|   64|          64|          64|
    |stateArray_156_fu_5007_p2          |       xor|   0|  0|   64|          64|          64|
    |stateArray_157_fu_5013_p2          |       xor|   0|  0|   64|          64|          64|
    |stateArray_158_fu_5019_p2          |       xor|   0|  0|   64|          64|          64|
    |stateArray_159_fu_5025_p2          |       xor|   0|  0|   64|          64|          64|
    |stateArray_160_fu_1615_p2          |       xor|   0|  0|   64|          64|          64|
    |stateArray_161_fu_2013_p2          |       xor|   0|  0|   64|          64|          64|
    |stateArray_162_fu_2035_p2          |       xor|   0|  0|   64|          64|          64|
    |stateArray_163_fu_2433_p2          |       xor|   0|  0|   64|          64|          64|
    |stateArray_164_fu_2638_p2          |       xor|   0|  0|   64|          64|          64|
    |stateArray_165_fu_2843_p2          |       xor|   0|  0|   64|          64|          64|
    |stateArray_166_fu_2865_p2          |       xor|   0|  0|   64|          64|          64|
    |stateArray_167_fu_3263_p2          |       xor|   0|  0|   64|          64|          64|
    |stateArray_168_fu_3468_p2          |       xor|   0|  0|   64|          64|          64|
    |stateArray_169_fu_3673_p2          |       xor|   0|  0|   64|          64|          64|
    |stateArray_170_fu_3878_p2          |       xor|   0|  0|   64|          64|          64|
    |stateArray_171_fu_4083_p2          |       xor|   0|  0|   64|          64|          64|
    |stateArray_172_fu_4288_p2          |       xor|   0|  0|   64|          64|          64|
    |stateArray_173_fu_4493_p2          |       xor|   0|  0|   64|          64|          64|
    |stateArray_174_fu_4515_p2          |       xor|   0|  0|   64|          64|          64|
    |xor_ln477_10_fu_3667_p2            |       xor|   0|  0|   64|          64|           5|
    |xor_ln477_11_fu_3872_p2            |       xor|   0|  0|   64|          64|           5|
    |xor_ln477_12_fu_4077_p2            |       xor|   0|  0|   64|          64|           5|
    |xor_ln477_13_fu_4282_p2            |       xor|   0|  0|   64|          64|           5|
    |xor_ln477_14_fu_4487_p2            |       xor|   0|  0|   64|          64|           5|
    |xor_ln477_15_fu_4521_p2            |       xor|   0|  0|   64|          64|           5|
    |xor_ln477_16_fu_4714_p2            |       xor|   0|  0|   64|          64|           5|
    |xor_ln477_1_fu_1808_p2             |       xor|   0|  0|   64|          64|           5|
    |xor_ln477_2_fu_2007_p2             |       xor|   0|  0|   64|          64|           5|
    |xor_ln477_3_fu_2228_p2             |       xor|   0|  0|   64|          64|           5|
    |xor_ln477_4_fu_2427_p2             |       xor|   0|  0|   64|          64|           5|
    |xor_ln477_5_fu_2632_p2             |       xor|   0|  0|   64|          64|           5|
    |xor_ln477_6_fu_2837_p2             |       xor|   0|  0|   64|          64|           5|
    |xor_ln477_7_fu_3058_p2             |       xor|   0|  0|   64|          64|           5|
    |xor_ln477_8_fu_3257_p2             |       xor|   0|  0|   64|          64|           5|
    |xor_ln477_9_fu_3462_p2             |       xor|   0|  0|   64|          64|           5|
    |xor_ln477_fu_1580_p2               |       xor|   0|  0|   64|          64|           5|
    |xor_ln483_10_fu_3661_p2            |       xor|   0|  0|   64|          64|          64|
    |xor_ln483_11_fu_3866_p2            |       xor|   0|  0|   64|          64|          64|
    |xor_ln483_12_fu_4071_p2            |       xor|   0|  0|   64|          64|          64|
    |xor_ln483_13_fu_4276_p2            |       xor|   0|  0|   64|          64|          64|
    |xor_ln483_14_fu_4481_p2            |       xor|   0|  0|   64|          64|          64|
    |xor_ln483_15_fu_4902_p2            |       xor|   0|  0|   64|          64|          64|
    |xor_ln483_16_fu_4708_p2            |       xor|   0|  0|   64|          64|          64|
    |xor_ln483_1_fu_1802_p2             |       xor|   0|  0|   64|          64|          64|
    |xor_ln483_2_fu_2001_p2             |       xor|   0|  0|   64|          64|          64|
    |xor_ln483_3_fu_2222_p2             |       xor|   0|  0|   64|          64|          64|
    |xor_ln483_4_fu_2421_p2             |       xor|   0|  0|   64|          64|          64|
    |xor_ln483_5_fu_2626_p2             |       xor|   0|  0|   64|          64|          64|
    |xor_ln483_6_fu_2831_p2             |       xor|   0|  0|   64|          64|          64|
    |xor_ln483_7_fu_3052_p2             |       xor|   0|  0|   64|          64|          64|
    |xor_ln483_8_fu_3251_p2             |       xor|   0|  0|   64|          64|          64|
    |xor_ln483_9_fu_3456_p2             |       xor|   0|  0|   64|          64|          64|
    |xor_ln483_fu_1574_p2               |       xor|   0|  0|   64|          64|          64|
    |xor_ln489_10_fu_3635_p2            |       xor|   0|  0|   64|          64|          64|
    |xor_ln489_11_fu_3840_p2            |       xor|   0|  0|   64|          64|          64|
    |xor_ln489_12_fu_4045_p2            |       xor|   0|  0|   64|          64|          64|
    |xor_ln489_13_fu_4250_p2            |       xor|   0|  0|   64|          64|          64|
    |xor_ln489_14_fu_4455_p2            |       xor|   0|  0|   64|          64|          64|
    |xor_ln489_15_fu_4875_p2            |       xor|   0|  0|   64|          64|          64|
    |xor_ln489_16_fu_4682_p2            |       xor|   0|  0|   64|          64|          64|
    |xor_ln489_1_fu_1776_p2             |       xor|   0|  0|   64|          64|          64|
    |xor_ln489_2_fu_1975_p2             |       xor|   0|  0|   64|          64|          64|
    |xor_ln489_3_fu_2196_p2             |       xor|   0|  0|   64|          64|          64|
    |xor_ln489_4_fu_2395_p2             |       xor|   0|  0|   64|          64|          64|
    |xor_ln489_5_fu_2600_p2             |       xor|   0|  0|   64|          64|          64|
    |xor_ln489_6_fu_2805_p2             |       xor|   0|  0|   64|          64|          64|
    |xor_ln489_7_fu_3026_p2             |       xor|   0|  0|   64|          64|          64|
    |xor_ln489_8_fu_3225_p2             |       xor|   0|  0|   64|          64|          64|
    |xor_ln489_9_fu_3430_p2             |       xor|   0|  0|   64|          64|          64|
    |xor_ln489_fu_1548_p2               |       xor|   0|  0|   64|          64|          64|
    |xor_ln495_10_fu_3609_p2            |       xor|   0|  0|   64|          64|          64|
    |xor_ln495_11_fu_3814_p2            |       xor|   0|  0|   64|          64|          64|
    |xor_ln495_12_fu_4019_p2            |       xor|   0|  0|   64|          64|          64|
    |xor_ln495_13_fu_4224_p2            |       xor|   0|  0|   64|          64|          64|
    |xor_ln495_14_fu_4429_p2            |       xor|   0|  0|   64|          64|          64|
    |xor_ln495_15_fu_4848_p2            |       xor|   0|  0|   64|          64|          64|
    |xor_ln495_16_fu_4656_p2            |       xor|   0|  0|   64|          64|          64|
    |xor_ln495_1_fu_1750_p2             |       xor|   0|  0|   64|          64|          64|
    |xor_ln495_2_fu_1949_p2             |       xor|   0|  0|   64|          64|          64|
    |xor_ln495_3_fu_2170_p2             |       xor|   0|  0|   64|          64|          64|
    |xor_ln495_4_fu_2369_p2             |       xor|   0|  0|   64|          64|          64|
    |xor_ln495_5_fu_2574_p2             |       xor|   0|  0|   64|          64|          64|
    |xor_ln495_6_fu_2779_p2             |       xor|   0|  0|   64|          64|          64|
    |xor_ln495_7_fu_3000_p2             |       xor|   0|  0|   64|          64|          64|
    |xor_ln495_8_fu_3199_p2             |       xor|   0|  0|   64|          64|          64|
    |xor_ln495_9_fu_3404_p2             |       xor|   0|  0|   64|          64|          64|
    |xor_ln495_fu_1522_p2               |       xor|   0|  0|   64|          64|          64|
    |xor_ln501_10_fu_3583_p2            |       xor|   0|  0|   64|          64|          64|
    |xor_ln501_11_fu_3788_p2            |       xor|   0|  0|   64|          64|          64|
    |xor_ln501_12_fu_3993_p2            |       xor|   0|  0|   64|          64|          64|
    |xor_ln501_13_fu_4198_p2            |       xor|   0|  0|   64|          64|          64|
    |xor_ln501_14_fu_4403_p2            |       xor|   0|  0|   64|          64|          64|
    |xor_ln501_15_fu_4821_p2            |       xor|   0|  0|   64|          64|          64|
    |xor_ln501_16_fu_4630_p2            |       xor|   0|  0|   64|          64|          64|
    |xor_ln501_1_fu_1724_p2             |       xor|   0|  0|   64|          64|          64|
    |xor_ln501_2_fu_1923_p2             |       xor|   0|  0|   64|          64|          64|
    |xor_ln501_3_fu_2144_p2             |       xor|   0|  0|   64|          64|          64|
    |xor_ln501_4_fu_2343_p2             |       xor|   0|  0|   64|          64|          64|
    |xor_ln501_5_fu_2548_p2             |       xor|   0|  0|   64|          64|          64|
    |xor_ln501_6_fu_2753_p2             |       xor|   0|  0|   64|          64|          64|
    |xor_ln501_7_fu_2974_p2             |       xor|   0|  0|   64|          64|          64|
    |xor_ln501_8_fu_3173_p2             |       xor|   0|  0|   64|          64|          64|
    |xor_ln501_9_fu_3378_p2             |       xor|   0|  0|   64|          64|          64|
    |xor_ln501_fu_1496_p2               |       xor|   0|  0|   64|          64|          64|
    |xor_ln507_10_fu_3557_p2            |       xor|   0|  0|   64|          64|          64|
    |xor_ln507_11_fu_3762_p2            |       xor|   0|  0|   64|          64|          64|
    |xor_ln507_12_fu_3967_p2            |       xor|   0|  0|   64|          64|          64|
    |xor_ln507_13_fu_4172_p2            |       xor|   0|  0|   64|          64|          64|
    |xor_ln507_14_fu_4377_p2            |       xor|   0|  0|   64|          64|          64|
    |xor_ln507_15_fu_4794_p2            |       xor|   0|  0|   64|          64|          64|
    |xor_ln507_16_fu_4604_p2            |       xor|   0|  0|   64|          64|          64|
    |xor_ln507_1_fu_1698_p2             |       xor|   0|  0|   64|          64|          64|
    |xor_ln507_2_fu_1897_p2             |       xor|   0|  0|   64|          64|          64|
    |xor_ln507_3_fu_2118_p2             |       xor|   0|  0|   64|          64|          64|
    |xor_ln507_4_fu_2317_p2             |       xor|   0|  0|   64|          64|          64|
    |xor_ln507_5_fu_2522_p2             |       xor|   0|  0|   64|          64|          64|
    |xor_ln507_6_fu_2727_p2             |       xor|   0|  0|   64|          64|          64|
    |xor_ln507_7_fu_2948_p2             |       xor|   0|  0|   64|          64|          64|
    |xor_ln507_8_fu_3147_p2             |       xor|   0|  0|   64|          64|          64|
    |xor_ln507_9_fu_3352_p2             |       xor|   0|  0|   64|          64|          64|
    |xor_ln507_fu_1470_p2               |       xor|   0|  0|   64|          64|          64|
    |xor_ln513_10_fu_3531_p2            |       xor|   0|  0|   64|          64|          64|
    |xor_ln513_11_fu_3736_p2            |       xor|   0|  0|   64|          64|          64|
    |xor_ln513_12_fu_3941_p2            |       xor|   0|  0|   64|          64|          64|
    |xor_ln513_13_fu_4146_p2            |       xor|   0|  0|   64|          64|          64|
    |xor_ln513_14_fu_4351_p2            |       xor|   0|  0|   64|          64|          64|
    |xor_ln513_15_fu_4767_p2            |       xor|   0|  0|   64|          64|          64|
    |xor_ln513_16_fu_4578_p2            |       xor|   0|  0|   64|          64|          64|
    |xor_ln513_1_fu_1672_p2             |       xor|   0|  0|   64|          64|          64|
    |xor_ln513_2_fu_1871_p2             |       xor|   0|  0|   64|          64|          64|
    |xor_ln513_3_fu_2092_p2             |       xor|   0|  0|   64|          64|          64|
    |xor_ln513_4_fu_2291_p2             |       xor|   0|  0|   64|          64|          64|
    |xor_ln513_5_fu_2496_p2             |       xor|   0|  0|   64|          64|          64|
    |xor_ln513_6_fu_2701_p2             |       xor|   0|  0|   64|          64|          64|
    |xor_ln513_7_fu_2922_p2             |       xor|   0|  0|   64|          64|          64|
    |xor_ln513_8_fu_3121_p2             |       xor|   0|  0|   64|          64|          64|
    |xor_ln513_9_fu_3326_p2             |       xor|   0|  0|   64|          64|          64|
    |xor_ln513_fu_1444_p2               |       xor|   0|  0|   64|          64|          64|
    |xor_ln519_10_fu_3505_p2            |       xor|   0|  0|   64|          64|          64|
    |xor_ln519_11_fu_3710_p2            |       xor|   0|  0|   64|          64|          64|
    |xor_ln519_12_fu_3915_p2            |       xor|   0|  0|   64|          64|          64|
    |xor_ln519_13_fu_4120_p2            |       xor|   0|  0|   64|          64|          64|
    |xor_ln519_14_fu_4325_p2            |       xor|   0|  0|   64|          64|          64|
    |xor_ln519_15_fu_4740_p2            |       xor|   0|  0|   64|          64|          64|
    |xor_ln519_16_fu_4552_p2            |       xor|   0|  0|   64|          64|          64|
    |xor_ln519_1_fu_1646_p2             |       xor|   0|  0|   64|          64|          64|
    |xor_ln519_2_fu_1845_p2             |       xor|   0|  0|   64|          64|          64|
    |xor_ln519_3_fu_2066_p2             |       xor|   0|  0|   64|          64|          64|
    |xor_ln519_4_fu_2265_p2             |       xor|   0|  0|   64|          64|          64|
    |xor_ln519_5_fu_2470_p2             |       xor|   0|  0|   64|          64|          64|
    |xor_ln519_6_fu_2675_p2             |       xor|   0|  0|   64|          64|          64|
    |xor_ln519_7_fu_2896_p2             |       xor|   0|  0|   64|          64|          64|
    |xor_ln519_8_fu_3095_p2             |       xor|   0|  0|   64|          64|          64|
    |xor_ln519_9_fu_3300_p2             |       xor|   0|  0|   64|          64|          64|
    |xor_ln519_fu_1418_p2               |       xor|   0|  0|   64|          64|          64|
    |xor_ln523_fu_4917_p2               |       xor|   0|  0|    2|           1|           2|
    +-----------------------------------+----------+----+---+-----+------------+------------+
    |Total                              |          |   0|  0|15921|       15454|       10196|
    +-----------------------------------+----------+----+---+-----+------------+------------+

    * Multiplexer: 
    +-------------------------------------------+-----+-----------+-----+-----------+
    |                    Name                   | LUT | Input Size| Bits| Total Bits|
    +-------------------------------------------+-----+-----------+-----+-----------+
    |ap_NS_fsm                                  |  925|        175|    1|        175|
    |ap_phi_mux_stateArray_15_3_phi_fu_997_p34  |    9|          2|   64|        128|
    |ap_phi_mux_stateArray_16_2_phi_fu_949_p34  |   43|          8|   64|        512|
    |digestStrm_i_blk_n                         |    9|          2|    1|          2|
    |endDigestStrm_i_blk_n                      |    9|          2|    1|          2|
    |endDigestStrm_i_din                        |   14|          3|    1|          3|
    |endMsgLenStrm_i_blk_n                      |    9|          2|    1|          2|
    |left_1_reg_1221                            |    9|          2|  128|        256|
    |left_4_reg_534                             |    9|          2|  128|        256|
    |msgLenStrm_i_blk_n                         |    9|          2|    1|          2|
    |msgStrm_i_blk_n                            |    9|          2|    1|          2|
    |n_reg_523                                  |    9|          2|  121|        242|
    |stateArray_0_reg_512                       |    9|          2|   64|        128|
    |stateArray_10_0_reg_392                    |    9|          2|   64|        128|
    |stateArray_10_1_reg_1100                   |    9|          2|   64|        128|
    |stateArray_10_3_reg_811                    |   54|         10|   64|        640|
    |stateArray_11_0_reg_380                    |    9|          2|   64|        128|
    |stateArray_11_1_reg_1089                   |    9|          2|   64|        128|
    |stateArray_11_3_reg_838                    |   54|         10|   64|        640|
    |stateArray_12_0_reg_368                    |    9|          2|   64|        128|
    |stateArray_12_1_reg_1078                   |    9|          2|   64|        128|
    |stateArray_12_3_reg_865                    |   54|         10|   64|        640|
    |stateArray_13_0_reg_356                    |    9|          2|   64|        128|
    |stateArray_13_1_reg_1067                   |    9|          2|   64|        128|
    |stateArray_13_3_reg_892                    |   54|         10|   64|        640|
    |stateArray_14_0_reg_344                    |    9|          2|   64|        128|
    |stateArray_14_1_reg_1056                   |    9|          2|   64|        128|
    |stateArray_14_3_reg_919                    |   54|         10|   64|        640|
    |stateArray_15_0_reg_332                    |    9|          2|   64|        128|
    |stateArray_15_1_reg_1045                   |    9|          2|   64|        128|
    |stateArray_15_3_reg_994                    |   59|         11|   64|        704|
    |stateArray_16_0_reg_320                    |    9|          2|   64|        128|
    |stateArray_16_1_reg_1035                   |    9|          2|   64|        128|
    |stateArray_16_2_reg_946                    |   49|          9|   64|        576|
    |stateArray_17_0_reg_308                    |    9|          2|   64|        128|
    |stateArray_18_0_reg_296                    |    9|          2|   64|        128|
    |stateArray_19_0_reg_284                    |    9|          2|   64|        128|
    |stateArray_1_0_reg_500                     |    9|          2|   64|        128|
    |stateArray_1_1_reg_1199                    |    9|          2|   64|        128|
    |stateArray_1_3_reg_568                     |   54|         10|   64|        640|
    |stateArray_1_reg_1210                      |    9|          2|   64|        128|
    |stateArray_20_0_reg_272                    |    9|          2|   64|        128|
    |stateArray_21_0_reg_260                    |    9|          2|   64|        128|
    |stateArray_22_0_reg_248                    |    9|          2|   64|        128|
    |stateArray_23_0_reg_236                    |    9|          2|   64|        128|
    |stateArray_24_0_reg_224                    |    9|          2|   64|        128|
    |stateArray_2_0_reg_488                     |    9|          2|   64|        128|
    |stateArray_2_1_reg_1188                    |    9|          2|   64|        128|
    |stateArray_2_3_reg_595                     |   54|         10|   64|        640|
    |stateArray_3_0_reg_476                     |    9|          2|   64|        128|
    |stateArray_3_1_reg_1177                    |    9|          2|   64|        128|
    |stateArray_3_3_reg_622                     |   54|         10|   64|        640|
    |stateArray_4_0_reg_464                     |    9|          2|   64|        128|
    |stateArray_4_1_reg_1166                    |    9|          2|   64|        128|
    |stateArray_4_3_reg_649                     |   54|         10|   64|        640|
    |stateArray_53_reg_544                      |   49|          9|   64|        576|
    |stateArray_5_0_reg_452                     |    9|          2|   64|        128|
    |stateArray_5_1_reg_1155                    |    9|          2|   64|        128|
    |stateArray_5_3_reg_676                     |   54|         10|   64|        640|
    |stateArray_6_0_reg_440                     |    9|          2|   64|        128|
    |stateArray_6_1_reg_1144                    |    9|          2|   64|        128|
    |stateArray_6_3_reg_703                     |   54|         10|   64|        640|
    |stateArray_7_0_reg_428                     |    9|          2|   64|        128|
    |stateArray_7_1_reg_1133                    |    9|          2|   64|        128|
    |stateArray_7_3_reg_730                     |   54|         10|   64|        640|
    |stateArray_8_0_reg_416                     |    9|          2|   64|        128|
    |stateArray_8_1_reg_1122                    |    9|          2|   64|        128|
    |stateArray_8_3_reg_757                     |   54|         10|   64|        640|
    |stateArray_9_0_reg_404                     |    9|          2|   64|        128|
    |stateArray_9_1_reg_1111                    |    9|          2|   64|        128|
    |stateArray_9_3_reg_784                     |   54|         10|   64|        640|
    +-------------------------------------------+-----+-----------+-----+-----------+
    |Total                                      | 2354|        457| 4288|      17774|
    +-------------------------------------------+-----+-----------+-----+-----------+

    * Register: 
    +--------------------------+-----+----+-----+-----------+
    |           Name           |  FF | LUT| Bits| Const Bits|
    +--------------------------+-----+----+-----+-----------+
    |add_ln447_reg_5146        |  121|   0|  121|          0|
    |ap_CS_fsm                 |  174|   0|  174|          0|
    |cmp_i_i199_reg_5205       |    1|   0|    1|          0|
    |cmp_i_i230_reg_5201       |    1|   0|    1|          0|
    |cmp_i_i261_reg_5197       |    1|   0|    1|          0|
    |cmp_i_i292_reg_5193       |    1|   0|    1|          0|
    |cmp_i_i323_reg_5189       |    1|   0|    1|          0|
    |cmp_i_i354_reg_5185       |    1|   0|    1|          0|
    |cmp_i_i369_reg_5181       |    1|   0|    1|          0|
    |icmp_ln468_15_reg_5969    |    1|   0|    1|          0|
    |left_1_reg_1221           |  128|   0|  128|          0|
    |left_4_reg_534            |  128|   0|  128|          0|
    |msgLen_reg_5140           |  128|   0|  128|          0|
    |n_2_reg_5154              |  121|   0|  121|          0|
    |n_reg_523                 |  121|   0|  121|          0|
    |reg_1293                  |   64|   0|   64|          0|
    |reg_1299                  |   64|   0|   64|          0|
    |stateArray_0_reg_512      |   64|   0|   64|          0|
    |stateArray_10_0_reg_392   |   64|   0|   64|          0|
    |stateArray_10_1_reg_1100  |   64|   0|   64|          0|
    |stateArray_10_3_reg_811   |   64|   0|   64|          0|
    |stateArray_11_0_reg_380   |   64|   0|   64|          0|
    |stateArray_11_1_reg_1089  |   64|   0|   64|          0|
    |stateArray_11_3_reg_838   |   64|   0|   64|          0|
    |stateArray_12_0_reg_368   |   64|   0|   64|          0|
    |stateArray_12_1_reg_1078  |   64|   0|   64|          0|
    |stateArray_12_3_reg_865   |   64|   0|   64|          0|
    |stateArray_13_0_reg_356   |   64|   0|   64|          0|
    |stateArray_13_1_reg_1067  |   64|   0|   64|          0|
    |stateArray_13_3_reg_892   |   64|   0|   64|          0|
    |stateArray_144_reg_6038   |   64|   0|   64|          0|
    |stateArray_145_reg_6043   |   64|   0|   64|          0|
    |stateArray_146_reg_6048   |   64|   0|   64|          0|
    |stateArray_147_reg_6053   |   64|   0|   64|          0|
    |stateArray_148_reg_6058   |   64|   0|   64|          0|
    |stateArray_149_reg_6063   |   64|   0|   64|          0|
    |stateArray_14_0_reg_344   |   64|   0|   64|          0|
    |stateArray_14_1_reg_1056  |   64|   0|   64|          0|
    |stateArray_14_3_reg_919   |   64|   0|   64|          0|
    |stateArray_150_reg_6068   |   64|   0|   64|          0|
    |stateArray_151_reg_6073   |   64|   0|   64|          0|
    |stateArray_152_reg_6078   |   64|   0|   64|          0|
    |stateArray_153_reg_6083   |   64|   0|   64|          0|
    |stateArray_154_reg_6088   |   64|   0|   64|          0|
    |stateArray_155_reg_6093   |   64|   0|   64|          0|
    |stateArray_156_reg_6098   |   64|   0|   64|          0|
    |stateArray_157_reg_6103   |   64|   0|   64|          0|
    |stateArray_15_0_reg_332   |   64|   0|   64|          0|
    |stateArray_15_1_reg_1045  |   64|   0|   64|          0|
    |stateArray_15_3_reg_994   |   64|   0|   64|          0|
    |stateArray_16_0_reg_320   |   64|   0|   64|          0|
    |stateArray_16_1_reg_1035  |   64|   0|   64|          0|
    |stateArray_16_2_reg_946   |   64|   0|   64|          0|
    |stateArray_174_reg_5973   |   64|   0|   64|          0|
    |stateArray_17_0_reg_308   |   64|   0|   64|          0|
    |stateArray_18_0_reg_296   |   64|   0|   64|          0|
    |stateArray_19_0_reg_284   |   64|   0|   64|          0|
    |stateArray_1_0_reg_500    |   64|   0|   64|          0|
    |stateArray_1_1_reg_1199   |   64|   0|   64|          0|
    |stateArray_1_3_reg_568    |   64|   0|   64|          0|
    |stateArray_1_reg_1210     |   64|   0|   64|          0|
    |stateArray_20_0_reg_272   |   64|   0|   64|          0|
    |stateArray_21_0_reg_260   |   64|   0|   64|          0|
    |stateArray_22_0_reg_248   |   64|   0|   64|          0|
    |stateArray_23_0_reg_236   |   64|   0|   64|          0|
    |stateArray_24_0_reg_224   |   64|   0|   64|          0|
    |stateArray_2_0_reg_488    |   64|   0|   64|          0|
    |stateArray_2_1_reg_1188   |   64|   0|   64|          0|
    |stateArray_2_3_reg_595    |   64|   0|   64|          0|
    |stateArray_3_0_reg_476    |   64|   0|   64|          0|
    |stateArray_3_1_reg_1177   |   64|   0|   64|          0|
    |stateArray_3_3_reg_622    |   64|   0|   64|          0|
    |stateArray_4_0_reg_464    |   64|   0|   64|          0|
    |stateArray_4_1_reg_1166   |   64|   0|   64|          0|
    |stateArray_4_3_reg_649    |   64|   0|   64|          0|
    |stateArray_53_reg_544     |   64|   0|   64|          0|
    |stateArray_5_0_reg_452    |   64|   0|   64|          0|
    |stateArray_5_1_reg_1155   |   64|   0|   64|          0|
    |stateArray_5_3_reg_676    |   64|   0|   64|          0|
    |stateArray_6_0_reg_440    |   64|   0|   64|          0|
    |stateArray_6_1_reg_1144   |   64|   0|   64|          0|
    |stateArray_6_3_reg_703    |   64|   0|   64|          0|
    |stateArray_7_0_reg_428    |   64|   0|   64|          0|
    |stateArray_7_1_reg_1133   |   64|   0|   64|          0|
    |stateArray_7_3_reg_730    |   64|   0|   64|          0|
    |stateArray_8_0_reg_416    |   64|   0|   64|          0|
    |stateArray_8_1_reg_1122   |   64|   0|   64|          0|
    |stateArray_8_3_reg_757    |   64|   0|   64|          0|
    |stateArray_9_0_reg_404    |   64|   0|   64|          0|
    |stateArray_9_1_reg_1111   |   64|   0|   64|          0|
    |stateArray_9_3_reg_784    |   64|   0|   64|          0|
    |trunc_ln3_reg_5159        |  125|   0|  125|          0|
    +--------------------------+-----+----+-----+-----------+
    |Total                     | 5918|   0| 5918|          0|
    +--------------------------+-----+----+-----+-----------+



================================================================
== Interface
================================================================
* Summary: 
+-------------------------+-----+-----+------------+-----------------+--------------+
|        RTL Ports        | Dir | Bits|  Protocol  |  Source Object  |    C Type    |
+-------------------------+-----+-----+------------+-----------------+--------------+
|ap_clk                   |   in|    1|  ap_ctrl_hs|    shakeXOF<32u>|  return value|
|ap_rst                   |   in|    1|  ap_ctrl_hs|    shakeXOF<32u>|  return value|
|ap_start                 |   in|    1|  ap_ctrl_hs|    shakeXOF<32u>|  return value|
|ap_done                  |  out|    1|  ap_ctrl_hs|    shakeXOF<32u>|  return value|
|ap_idle                  |  out|    1|  ap_ctrl_hs|    shakeXOF<32u>|  return value|
|ap_ready                 |  out|    1|  ap_ctrl_hs|    shakeXOF<32u>|  return value|
|msgStrm_i_dout           |   in|   64|     ap_fifo|        msgStrm_i|       pointer|
|msgStrm_i_empty_n        |   in|    1|     ap_fifo|        msgStrm_i|       pointer|
|msgStrm_i_read           |  out|    1|     ap_fifo|        msgStrm_i|       pointer|
|msgLenStrm_i_dout        |   in|  128|     ap_fifo|     msgLenStrm_i|       pointer|
|msgLenStrm_i_empty_n     |   in|    1|     ap_fifo|     msgLenStrm_i|       pointer|
|msgLenStrm_i_read        |  out|    1|     ap_fifo|     msgLenStrm_i|       pointer|
|endMsgLenStrm_i_dout     |   in|    1|     ap_fifo|  endMsgLenStrm_i|       pointer|
|endMsgLenStrm_i_empty_n  |   in|    1|     ap_fifo|  endMsgLenStrm_i|       pointer|
|endMsgLenStrm_i_read     |  out|    1|     ap_fifo|  endMsgLenStrm_i|       pointer|
|digestStrm_i_din         |  out|  256|     ap_fifo|     digestStrm_i|       pointer|
|digestStrm_i_full_n      |   in|    1|     ap_fifo|     digestStrm_i|       pointer|
|digestStrm_i_write       |  out|    1|     ap_fifo|     digestStrm_i|       pointer|
|endDigestStrm_i_din      |  out|    1|     ap_fifo|  endDigestStrm_i|       pointer|
|endDigestStrm_i_full_n   |   in|    1|     ap_fifo|  endDigestStrm_i|       pointer|
|endDigestStrm_i_write    |  out|    1|     ap_fifo|  endDigestStrm_i|       pointer|
+-------------------------+-----+-----+------------+-----------------+--------------+

