

================================================================
== Vitis HLS Report for 'updateKey'
================================================================
* Date:           Mon Nov 17 18:41:30 2025

* Version:        2025.1 (Build 6135595 on May 21 2025)
* Project:        hls_component
* Solution:       hls (Vivado IP Flow Target)
* Product family: virtexuplus
* Target device:  xcu250-figd2104-2L-e


================================================================
== Performance Estimates
================================================================
+ Timing: 
    * Summary: 
    +--------+---------+----------+------------+
    |  Clock |  Target | Estimated| Uncertainty|
    +--------+---------+----------+------------+
    |ap_clk  |  5.00 ns|  3.182 ns|        0 ns|
    +--------+---------+----------+------------+

+ Latency: 
    * Summary: 
    +---------+---------+-----------+-----------+-----+-----+---------+
    |  Latency (cycles) |   Latency (absolute)  |  Interval | Pipeline|
    |   min   |   max   |    min    |    max    | min | max |   Type  |
    +---------+---------+-----------+-----------+-----+-----+---------+
    |       10|       10|  50.000 ns|  50.000 ns|    1|    1|      yes|
    +---------+---------+-----------+-----------+-----+-----+---------+

    + Detail: 
        * Instance: 
        N/A

        * Loop: 
        N/A



================================================================
== Utilization Estimates
================================================================
* Summary: 
+---------------------+---------+-------+---------+---------+------+
|         Name        | BRAM_18K|  DSP  |    FF   |   LUT   | URAM |
+---------------------+---------+-------+---------+---------+------+
|DSP                  |        -|      -|        -|        -|     -|
|Expression           |        -|      -|        0|     1312|     -|
|FIFO                 |        -|      -|        -|        -|     -|
|Instance             |        -|      -|        -|        -|     -|
|Memory               |       20|      -|        0|        0|     -|
|Multiplexer          |        -|      -|        0|      154|     -|
|Register             |        -|      -|     4385|      768|     -|
+---------------------+---------+-------+---------+---------+------+
|Total                |       20|      0|     4385|     2234|     0|
+---------------------+---------+-------+---------+---------+------+
|Available SLR        |     1344|   3072|   864000|   432000|   320|
+---------------------+---------+-------+---------+---------+------+
|Utilization SLR (%)  |        1|      0|       ~0|       ~0|     0|
+---------------------+---------+-------+---------+---------+------+
|Available            |     5376|  12288|  3456000|  1728000|  1280|
+---------------------+---------+-------+---------+---------+------+
|Utilization (%)      |       ~0|      0|       ~0|       ~0|     0|
+---------------------+---------+-------+---------+---------+------+

+ Detail: 
    * Instance: 
    N/A

    * DSP: 
    N/A

    * Memory: 
    +--------------------+-------------------------------------------+---------+---+----+-----+------+-----+------+-------------+
    |       Memory       |                   Module                  | BRAM_18K| FF| LUT| URAM| Words| Bits| Banks| W*Bits*Banks|
    +--------------------+-------------------------------------------+---------+---+----+-----+------+-----+------+-------------+
    |cipher_0_ssbox40_U  |updateKey_cipher_0_ssbox40_ROM_NP_BRAM_1R  |       20|  0|   0|    0|   256|    8|     1|         2048|
    +--------------------+-------------------------------------------+---------+---+----+-----+------+-----+------+-------------+
    |Total               |                                           |       20|  0|   0|    0|   256|    8|     1|         2048|
    +--------------------+-------------------------------------------+---------+---+----+-----+------+-----+------+-------------+

    * FIFO: 
    N/A

    * Expression: 
    +-------------------------+----------+----+---+----+------------+------------+
    |      Variable Name      | Operation| DSP| FF| LUT| Bitwidth P0| Bitwidth P1|
    +-------------------------+----------+----+---+----+------------+------------+
    |round_tmp_10_fu_1189_p2  |       xor|   0|  0|  32|          32|          32|
    |round_tmp_12_fu_1302_p2  |       xor|   0|  0|  32|          32|          32|
    |round_tmp_14_fu_1418_p2  |       xor|   0|  0|  32|          32|          32|
    |round_tmp_16_fu_1509_p2  |       xor|   0|  0|  32|          32|          32|
    |round_tmp_18_fu_1601_p2  |       xor|   0|  0|  32|          32|          32|
    |round_tmp_2_fu_742_p2    |       xor|   0|  0|  32|          32|          32|
    |round_tmp_4_fu_855_p2    |       xor|   0|  0|  32|          32|          32|
    |round_tmp_6_fu_968_p2    |       xor|   0|  0|  32|          32|          32|
    |round_tmp_8_fu_1071_p2   |       xor|   0|  0|  32|          32|          32|
    |xor_ln404_1_fu_809_p2    |       xor|   0|  0|   2|           1|           2|
    |xor_ln404_2_fu_922_p2    |       xor|   0|  0|   2|           1|           2|
    |xor_ln404_3_fu_1035_p2   |       xor|   0|  0|   2|           1|           2|
    |xor_ln404_4_fu_1142_p2   |       xor|   0|  0|   2|           1|           2|
    |xor_ln404_5_fu_1260_p2   |       xor|   0|  0|   2|           1|           2|
    |xor_ln404_6_fu_1373_p2   |       xor|   0|  0|   2|           1|           2|
    |xor_ln404_7_fu_1485_p2   |       xor|   0|  0|   2|           1|           2|
    |xor_ln404_8_fu_1572_p2   |       xor|   0|  0|   8|           8|           5|
    |xor_ln404_9_fu_1779_p2   |       xor|   0|  0|   8|           8|           6|
    |xor_ln404_fu_693_p2      |       xor|   0|  0|   2|           1|           2|
    |xor_ln409_1_fu_845_p2    |       xor|   0|  0|  32|          32|          32|
    |xor_ln409_2_fu_958_p2    |       xor|   0|  0|  32|          32|          32|
    |xor_ln409_3_fu_1130_p2   |       xor|   0|  0|  32|          32|          32|
    |xor_ln409_4_fu_1178_p2   |       xor|   0|  0|  32|          32|          32|
    |xor_ln409_5_fu_1361_p2   |       xor|   0|  0|  32|          32|          32|
    |xor_ln409_6_fu_1407_p2   |       xor|   0|  0|  32|          32|          32|
    |xor_ln409_7_fu_1568_p2   |       xor|   0|  0|  32|          32|          32|
    |xor_ln409_8_fu_1590_p2   |       xor|   0|  0|  32|          32|          32|
    |xor_ln409_9_fu_1797_p2   |       xor|   0|  0|  32|          32|          32|
    |xor_ln409_fu_726_p2      |       xor|   0|  0|  32|          32|          32|
    |xor_ln410_1_fu_850_p2    |       xor|   0|  0|  32|          32|          32|
    |xor_ln410_2_fu_1681_p2   |       xor|   0|  0|  32|          32|          32|
    |xor_ln410_3_fu_1248_p2   |       xor|   0|  0|  32|          32|          32|
    |xor_ln410_4_fu_1707_p2   |       xor|   0|  0|  32|          32|          32|
    |xor_ln410_5_fu_1296_p2   |       xor|   0|  0|  32|          32|          32|
    |xor_ln410_6_fu_1733_p2   |       xor|   0|  0|  32|          32|          32|
    |xor_ln410_7_fu_1746_p2   |       xor|   0|  0|  32|          32|          32|
    |xor_ln410_8_fu_1765_p2   |       xor|   0|  0|  32|          32|          32|
    |xor_ln410_9_fu_1802_p2   |       xor|   0|  0|  32|          32|          32|
    |xor_ln410_fu_732_p2      |       xor|   0|  0|  32|          32|          32|
    |xor_ln411_1_fu_1668_p2   |       xor|   0|  0|  32|          32|          32|
    |xor_ln411_2_fu_963_p2    |       xor|   0|  0|  32|          32|          32|
    |xor_ln411_3_fu_1694_p2   |       xor|   0|  0|  32|          32|          32|
    |xor_ln411_4_fu_1184_p2   |       xor|   0|  0|  32|          32|          32|
    |xor_ln411_5_fu_1720_p2   |       xor|   0|  0|  32|          32|          32|
    |xor_ln411_6_fu_1413_p2   |       xor|   0|  0|  32|          32|          32|
    |xor_ln411_7_fu_1750_p2   |       xor|   0|  0|  32|          32|          32|
    |xor_ln411_8_fu_1596_p2   |       xor|   0|  0|  32|          32|          32|
    |xor_ln411_9_fu_1808_p2   |       xor|   0|  0|  32|          32|          32|
    |xor_ln411_fu_737_p2      |       xor|   0|  0|  32|          32|          32|
    |xor_ln412_fu_1813_p2     |       xor|   0|  0|  32|          32|          32|
    +-------------------------+----------+----+---+----+------------+------------+
    |Total                    |          |   0|  0|1312|        1304|        1307|
    +-------------------------+----------+----+---+----+------------+------------+

    * Multiplexer: 
    +--------------+----+-----------+-----+-----------+
    |     Name     | LUT| Input Size| Bits| Total Bits|
    +--------------+----+-----------+-----+-----------+
    |ap_return_0   |  14|          3|  128|        384|
    |ap_return_1   |  14|          3|  128|        384|
    |ap_return_10  |  14|          3|  128|        384|
    |ap_return_2   |  14|          3|  128|        384|
    |ap_return_3   |  14|          3|  128|        384|
    |ap_return_4   |  14|          3|  128|        384|
    |ap_return_5   |  14|          3|  128|        384|
    |ap_return_6   |  14|          3|  128|        384|
    |ap_return_7   |  14|          3|  128|        384|
    |ap_return_8   |  14|          3|  128|        384|
    |ap_return_9   |  14|          3|  128|        384|
    +--------------+----+-----------+-----+-----------+
    |Total         | 154|         33| 1408|       4224|
    +--------------+----+-----------+-----+-----------+

    * Register: 
    +-------------------------------------+-----+----+-----+-----------+
    |                 Name                |  FF | LUT| Bits| Const Bits|
    +-------------------------------------+-----+----+-----+-----------+
    |ap_ce_reg                            |    1|   0|    1|          0|
    |ap_return_0_int_reg                  |  128|   0|  128|          0|
    |ap_return_10_int_reg                 |  128|   0|  128|          0|
    |ap_return_1_int_reg                  |  128|   0|  128|          0|
    |ap_return_2_int_reg                  |  128|   0|  128|          0|
    |ap_return_3_int_reg                  |  128|   0|  128|          0|
    |ap_return_4_int_reg                  |  128|   0|  128|          0|
    |ap_return_5_int_reg                  |  128|   0|  128|          0|
    |ap_return_6_int_reg                  |  128|   0|  128|          0|
    |ap_return_7_int_reg                  |  128|   0|  128|          0|
    |ap_return_8_int_reg                  |  128|   0|  128|          0|
    |ap_return_9_int_reg                  |  128|   0|  128|          0|
    |cipherkey_int_reg                    |  128|   0|  128|          0|
    |cipherkey_read_reg_1895              |  128|   0|  128|          0|
    |round_tmp_10_reg_2114                |   32|   0|   32|          0|
    |round_tmp_11_reg_2146                |   32|   0|   32|          0|
    |round_tmp_12_reg_2159                |   32|   0|   32|          0|
    |round_tmp_14_reg_2204                |   32|   0|   32|          0|
    |round_tmp_15_reg_2229                |   32|   0|   32|          0|
    |round_tmp_15_reg_2229_pp0_iter9_reg  |   32|   0|   32|          0|
    |round_tmp_16_reg_2235                |   32|   0|   32|          0|
    |round_tmp_16_reg_2235_pp0_iter9_reg  |   32|   0|   32|          0|
    |round_tmp_18_reg_2280                |   32|   0|   32|          0|
    |round_tmp_2_reg_1957                 |   32|   0|   32|          0|
    |round_tmp_4_reg_1996                 |   32|   0|   32|          0|
    |round_tmp_6_reg_2036                 |   32|   0|   32|          0|
    |round_tmp_7_reg_2061                 |   32|   0|   32|          0|
    |round_tmp_7_reg_2061_pp0_iter5_reg   |   32|   0|   32|          0|
    |round_tmp_8_reg_2067                 |   32|   0|   32|          0|
    |round_tmp_reg_1901                   |   32|   0|   32|          0|
    |tmp_4_reg_1928                       |   32|   0|   32|          0|
    |tmp_4_reg_1928_pp0_iter1_reg         |   32|   0|   32|          0|
    |tmp_5_reg_1934                       |   32|   0|   32|          0|
    |xor_ln409_1_reg_1982                 |   32|   0|   32|          0|
    |xor_ln409_2_reg_2022                 |   32|   0|   32|          0|
    |xor_ln409_3_reg_2095                 |   32|   0|   32|          0|
    |xor_ln409_4_reg_2100                 |   32|   0|   32|          0|
    |xor_ln409_5_reg_2185                 |   32|   0|   32|          0|
    |xor_ln409_6_reg_2190                 |   32|   0|   32|          0|
    |xor_ln409_7_reg_2262                 |   32|   0|   32|          0|
    |xor_ln409_8_reg_2267                 |   32|   0|   32|          0|
    |xor_ln409_reg_1939                   |   32|   0|   32|          0|
    |xor_ln410_1_reg_1988                 |   32|   0|   32|          0|
    |xor_ln410_3_reg_2139                 |   32|   0|   32|          0|
    |xor_ln410_5_reg_2151                 |   32|   0|   32|          0|
    |xor_ln410_reg_1945                   |   32|   0|   32|          0|
    |xor_ln411_2_reg_2029                 |   32|   0|   32|          0|
    |xor_ln411_4_reg_2107                 |   32|   0|   32|          0|
    |xor_ln411_6_reg_2197                 |   32|   0|   32|          0|
    |xor_ln411_8_reg_2274                 |   32|   0|   32|          0|
    |xor_ln411_reg_1950                   |   32|   0|   32|          0|
    |cipherkey_read_reg_1895              |   64|  32|  128|          0|
    |round_tmp_10_reg_2114                |   64|  32|   32|          0|
    |round_tmp_12_reg_2159                |   64|  32|   32|          0|
    |round_tmp_14_reg_2204                |   64|  32|   32|          0|
    |round_tmp_2_reg_1957                 |   64|  32|   32|          0|
    |round_tmp_4_reg_1996                 |   64|  32|   32|          0|
    |round_tmp_6_reg_2036                 |   64|  32|   32|          0|
    |round_tmp_8_reg_2067                 |   64|  32|   32|          0|
    |round_tmp_reg_1901                   |   64|  32|   32|          0|
    |xor_ln409_1_reg_1982                 |   64|  32|   32|          0|
    |xor_ln409_2_reg_2022                 |   64|  32|   32|          0|
    |xor_ln409_3_reg_2095                 |   64|  32|   32|          0|
    |xor_ln409_4_reg_2100                 |   64|  32|   32|          0|
    |xor_ln409_5_reg_2185                 |   64|  32|   32|          0|
    |xor_ln409_6_reg_2190                 |   64|  32|   32|          0|
    |xor_ln409_reg_1939                   |   64|  32|   32|          0|
    |xor_ln410_1_reg_1988                 |   64|  32|   32|          0|
    |xor_ln410_3_reg_2139                 |   64|  32|   32|          0|
    |xor_ln410_5_reg_2151                 |   64|  32|   32|          0|
    |xor_ln410_reg_1945                   |   64|  32|   32|          0|
    |xor_ln411_2_reg_2029                 |   64|  32|   32|          0|
    |xor_ln411_4_reg_2107                 |   64|  32|   32|          0|
    |xor_ln411_6_reg_2197                 |   64|  32|   32|          0|
    |xor_ln411_reg_1950                   |   64|  32|   32|          0|
    +-------------------------------------+-----+----+-----+-----------+
    |Total                                | 4385| 768| 3713|          0|
    +-------------------------------------+-----+----+-----+-----------+



================================================================
== Interface
================================================================
* Summary: 
+--------------+-----+-----+------------+--------------+--------------+
|   RTL Ports  | Dir | Bits|  Protocol  | Source Object|    C Type    |
+--------------+-----+-----+------------+--------------+--------------+
|ap_clk        |   in|    1|  ap_ctrl_hs|     updateKey|  return value|
|ap_rst        |   in|    1|  ap_ctrl_hs|     updateKey|  return value|
|ap_return_0   |  out|  128|  ap_ctrl_hs|     updateKey|  return value|
|ap_return_1   |  out|  128|  ap_ctrl_hs|     updateKey|  return value|
|ap_return_2   |  out|  128|  ap_ctrl_hs|     updateKey|  return value|
|ap_return_3   |  out|  128|  ap_ctrl_hs|     updateKey|  return value|
|ap_return_4   |  out|  128|  ap_ctrl_hs|     updateKey|  return value|
|ap_return_5   |  out|  128|  ap_ctrl_hs|     updateKey|  return value|
|ap_return_6   |  out|  128|  ap_ctrl_hs|     updateKey|  return value|
|ap_return_7   |  out|  128|  ap_ctrl_hs|     updateKey|  return value|
|ap_return_8   |  out|  128|  ap_ctrl_hs|     updateKey|  return value|
|ap_return_9   |  out|  128|  ap_ctrl_hs|     updateKey|  return value|
|ap_return_10  |  out|  128|  ap_ctrl_hs|     updateKey|  return value|
|ap_ce         |   in|    1|  ap_ctrl_hs|     updateKey|  return value|
|cipherkey     |   in|  128|     ap_none|     cipherkey|        scalar|
+--------------+-----+-----+------------+--------------+--------------+

